E0705 20:00:09.310000 66410 mobile/.venv/lib/python3.12/site-packages/torch/_subclasses/fake_tensor.py:2943] failed while attempting to run meta for aten.neg.default
E0705 20:00:09.310000 66410 mobile/.venv/lib/python3.12/site-packages/torch/_subclasses/fake_tensor.py:2943] Traceback (most recent call last):
E0705 20:00:09.310000 66410 mobile/.venv/lib/python3.12/site-packages/torch/_subclasses/fake_tensor.py:2943]   File "/data/jwen929/mobile/.venv/lib64/python3.12/site-packages/torch/_subclasses/fake_tensor.py", line 2939, in _dispatch_impl
E0705 20:00:09.310000 66410 mobile/.venv/lib/python3.12/site-packages/torch/_subclasses/fake_tensor.py:2943]     r = func(*args, **kwargs)
E0705 20:00:09.310000 66410 mobile/.venv/lib/python3.12/site-packages/torch/_subclasses/fake_tensor.py:2943]         ^^^^^^^^^^^^^^^^^^^^^
E0705 20:00:09.310000 66410 mobile/.venv/lib/python3.12/site-packages/torch/_subclasses/fake_tensor.py:2943]   File "/data/jwen929/mobile/.venv/lib64/python3.12/site-packages/torch/_ops.py", line 871, in __call__
E0705 20:00:09.310000 66410 mobile/.venv/lib/python3.12/site-packages/torch/_subclasses/fake_tensor.py:2943]     return self._op(*args, **kwargs)
E0705 20:00:09.310000 66410 mobile/.venv/lib/python3.12/site-packages/torch/_subclasses/fake_tensor.py:2943]            ^^^^^^^^^^^^^^^^^^^^^^^^^
E0705 20:00:09.310000 66410 mobile/.venv/lib/python3.12/site-packages/torch/_subclasses/fake_tensor.py:2943]   File "/data/jwen929/mobile/.venv/lib64/python3.12/site-packages/torch/_prims_common/wrappers.py", line 315, in _fn
E0705 20:00:09.310000 66410 mobile/.venv/lib/python3.12/site-packages/torch/_subclasses/fake_tensor.py:2943]     result = fn(*args, **kwargs)
E0705 20:00:09.310000 66410 mobile/.venv/lib/python3.12/site-packages/torch/_subclasses/fake_tensor.py:2943]              ^^^^^^^^^^^^^^^^^^^
E0705 20:00:09.310000 66410 mobile/.venv/lib/python3.12/site-packages/torch/_subclasses/fake_tensor.py:2943]   File "/data/jwen929/mobile/.venv/lib64/python3.12/site-packages/torch/_prims_common/wrappers.py", line 506, in _fn
E0705 20:00:09.310000 66410 mobile/.venv/lib/python3.12/site-packages/torch/_subclasses/fake_tensor.py:2943]     return fn(*args, **kwargs)
E0705 20:00:09.310000 66410 mobile/.venv/lib/python3.12/site-packages/torch/_subclasses/fake_tensor.py:2943]            ^^^^^^^^^^^^^^^^^^^
E0705 20:00:09.310000 66410 mobile/.venv/lib/python3.12/site-packages/torch/_subclasses/fake_tensor.py:2943]   File "/data/jwen929/mobile/.venv/lib64/python3.12/site-packages/torch/_compile.py", line 54, in inner
E0705 20:00:09.310000 66410 mobile/.venv/lib/python3.12/site-packages/torch/_subclasses/fake_tensor.py:2943]     return disable_fn(*args, **kwargs)
E0705 20:00:09.310000 66410 mobile/.venv/lib/python3.12/site-packages/torch/_subclasses/fake_tensor.py:2943]            ^^^^^^^^^^^^^^^^^^^^^^^^^^^
E0705 20:00:09.310000 66410 mobile/.venv/lib/python3.12/site-packages/torch/_subclasses/fake_tensor.py:2943]   File "/data/jwen929/mobile/.venv/lib64/python3.12/site-packages/torch/_dynamo/eval_frame.py", line 1298, in _fn
E0705 20:00:09.310000 66410 mobile/.venv/lib/python3.12/site-packages/torch/_subclasses/fake_tensor.py:2943]     return fn(*args, **kwargs)
E0705 20:00:09.310000 66410 mobile/.venv/lib/python3.12/site-packages/torch/_subclasses/fake_tensor.py:2943]            ^^^^^^^^^^^^^^^^^^^
E0705 20:00:09.310000 66410 mobile/.venv/lib/python3.12/site-packages/torch/_subclasses/fake_tensor.py:2943]   File "/data/jwen929/mobile/.venv/lib64/python3.12/site-packages/torch/_prims_common/wrappers.py", line 153, in _fn
E0705 20:00:09.310000 66410 mobile/.venv/lib/python3.12/site-packages/torch/_subclasses/fake_tensor.py:2943]     result = fn(**bound.arguments)
E0705 20:00:09.310000 66410 mobile/.venv/lib/python3.12/site-packages/torch/_subclasses/fake_tensor.py:2943]              ^^^^^^^^^^^^^^^^^^^^^
E0705 20:00:09.310000 66410 mobile/.venv/lib/python3.12/site-packages/torch/_subclasses/fake_tensor.py:2943]   File "/data/jwen929/mobile/.venv/lib64/python3.12/site-packages/torch/_refs/__init__.py", line 563, in _ref
E0705 20:00:09.310000 66410 mobile/.venv/lib/python3.12/site-packages/torch/_subclasses/fake_tensor.py:2943]     extra_meta(a)
E0705 20:00:09.310000 66410 mobile/.venv/lib/python3.12/site-packages/torch/_subclasses/fake_tensor.py:2943]   File "/data/jwen929/mobile/.venv/lib64/python3.12/site-packages/torch/_refs/__init__.py", line 954, in _neg_meta
E0705 20:00:09.310000 66410 mobile/.venv/lib/python3.12/site-packages/torch/_subclasses/fake_tensor.py:2943]     torch._check(
E0705 20:00:09.310000 66410 mobile/.venv/lib/python3.12/site-packages/torch/_subclasses/fake_tensor.py:2943]   File "/data/jwen929/mobile/.venv/lib64/python3.12/site-packages/torch/__init__.py", line 1761, in _check
E0705 20:00:09.310000 66410 mobile/.venv/lib/python3.12/site-packages/torch/_subclasses/fake_tensor.py:2943]     _check_with(RuntimeError, cond, message)  # pyrefly: ignore [bad-argument-type]
E0705 20:00:09.310000 66410 mobile/.venv/lib/python3.12/site-packages/torch/_subclasses/fake_tensor.py:2943]     ^^^^^^^^^^^^^^^^^^^^^^^^^^^^^^^^^^^^^^^^
E0705 20:00:09.310000 66410 mobile/.venv/lib/python3.12/site-packages/torch/_subclasses/fake_tensor.py:2943]   File "/data/jwen929/mobile/.venv/lib64/python3.12/site-packages/torch/__init__.py", line 1743, in _check_with
E0705 20:00:09.310000 66410 mobile/.venv/lib/python3.12/site-packages/torch/_subclasses/fake_tensor.py:2943]     raise error_type(message_evaluated)
E0705 20:00:09.310000 66410 mobile/.venv/lib/python3.12/site-packages/torch/_subclasses/fake_tensor.py:2943] RuntimeError: Negation, the `-` operator, on a bool tensor is not supported. If you are trying to invert a mask, use the `~` or `logical_not()` operator instead.
E0705 20:00:11.225000 66410 mobile/.venv/lib/python3.12/site-packages/torch/_subclasses/fake_tensor.py:2943] failed while attempting to run meta for aten.neg.default
E0705 20:00:11.225000 66410 mobile/.venv/lib/python3.12/site-packages/torch/_subclasses/fake_tensor.py:2943] Traceback (most recent call last):
E0705 20:00:11.225000 66410 mobile/.venv/lib/python3.12/site-packages/torch/_subclasses/fake_tensor.py:2943]   File "/data/jwen929/mobile/.venv/lib64/python3.12/site-packages/torch/_subclasses/fake_tensor.py", line 2939, in _dispatch_impl
E0705 20:00:11.225000 66410 mobile/.venv/lib/python3.12/site-packages/torch/_subclasses/fake_tensor.py:2943]     r = func(*args, **kwargs)
E0705 20:00:11.225000 66410 mobile/.venv/lib/python3.12/site-packages/torch/_subclasses/fake_tensor.py:2943]         ^^^^^^^^^^^^^^^^^^^^^
E0705 20:00:11.225000 66410 mobile/.venv/lib/python3.12/site-packages/torch/_subclasses/fake_tensor.py:2943]   File "/data/jwen929/mobile/.venv/lib64/python3.12/site-packages/torch/_ops.py", line 871, in __call__
E0705 20:00:11.225000 66410 mobile/.venv/lib/python3.12/site-packages/torch/_subclasses/fake_tensor.py:2943]     return self._op(*args, **kwargs)
E0705 20:00:11.225000 66410 mobile/.venv/lib/python3.12/site-packages/torch/_subclasses/fake_tensor.py:2943]            ^^^^^^^^^^^^^^^^^^^^^^^^^
E0705 20:00:11.225000 66410 mobile/.venv/lib/python3.12/site-packages/torch/_subclasses/fake_tensor.py:2943]   File "/data/jwen929/mobile/.venv/lib64/python3.12/site-packages/torch/_prims_common/wrappers.py", line 315, in _fn
E0705 20:00:11.225000 66410 mobile/.venv/lib/python3.12/site-packages/torch/_subclasses/fake_tensor.py:2943]     result = fn(*args, **kwargs)
E0705 20:00:11.225000 66410 mobile/.venv/lib/python3.12/site-packages/torch/_subclasses/fake_tensor.py:2943]              ^^^^^^^^^^^^^^^^^^^
E0705 20:00:11.225000 66410 mobile/.venv/lib/python3.12/site-packages/torch/_subclasses/fake_tensor.py:2943]   File "/data/jwen929/mobile/.venv/lib64/python3.12/site-packages/torch/_prims_common/wrappers.py", line 506, in _fn
E0705 20:00:11.225000 66410 mobile/.venv/lib/python3.12/site-packages/torch/_subclasses/fake_tensor.py:2943]     return fn(*args, **kwargs)
E0705 20:00:11.225000 66410 mobile/.venv/lib/python3.12/site-packages/torch/_subclasses/fake_tensor.py:2943]            ^^^^^^^^^^^^^^^^^^^
E0705 20:00:11.225000 66410 mobile/.venv/lib/python3.12/site-packages/torch/_subclasses/fake_tensor.py:2943]   File "/data/jwen929/mobile/.venv/lib64/python3.12/site-packages/torch/_compile.py", line 54, in inner
E0705 20:00:11.225000 66410 mobile/.venv/lib/python3.12/site-packages/torch/_subclasses/fake_tensor.py:2943]     return disable_fn(*args, **kwargs)
E0705 20:00:11.225000 66410 mobile/.venv/lib/python3.12/site-packages/torch/_subclasses/fake_tensor.py:2943]            ^^^^^^^^^^^^^^^^^^^^^^^^^^^
E0705 20:00:11.225000 66410 mobile/.venv/lib/python3.12/site-packages/torch/_subclasses/fake_tensor.py:2943]   File "/data/jwen929/mobile/.venv/lib64/python3.12/site-packages/torch/_dynamo/eval_frame.py", line 1298, in _fn
E0705 20:00:11.225000 66410 mobile/.venv/lib/python3.12/site-packages/torch/_subclasses/fake_tensor.py:2943]     return fn(*args, **kwargs)
E0705 20:00:11.225000 66410 mobile/.venv/lib/python3.12/site-packages/torch/_subclasses/fake_tensor.py:2943]            ^^^^^^^^^^^^^^^^^^^
E0705 20:00:11.225000 66410 mobile/.venv/lib/python3.12/site-packages/torch/_subclasses/fake_tensor.py:2943]   File "/data/jwen929/mobile/.venv/lib64/python3.12/site-packages/torch/_prims_common/wrappers.py", line 153, in _fn
E0705 20:00:11.225000 66410 mobile/.venv/lib/python3.12/site-packages/torch/_subclasses/fake_tensor.py:2943]     result = fn(**bound.arguments)
E0705 20:00:11.225000 66410 mobile/.venv/lib/python3.12/site-packages/torch/_subclasses/fake_tensor.py:2943]              ^^^^^^^^^^^^^^^^^^^^^
E0705 20:00:11.225000 66410 mobile/.venv/lib/python3.12/site-packages/torch/_subclasses/fake_tensor.py:2943]   File "/data/jwen929/mobile/.venv/lib64/python3.12/site-packages/torch/_refs/__init__.py", line 563, in _ref
E0705 20:00:11.225000 66410 mobile/.venv/lib/python3.12/site-packages/torch/_subclasses/fake_tensor.py:2943]     extra_meta(a)
E0705 20:00:11.225000 66410 mobile/.venv/lib/python3.12/site-packages/torch/_subclasses/fake_tensor.py:2943]   File "/data/jwen929/mobile/.venv/lib64/python3.12/site-packages/torch/_refs/__init__.py", line 954, in _neg_meta
E0705 20:00:11.225000 66410 mobile/.venv/lib/python3.12/site-packages/torch/_subclasses/fake_tensor.py:2943]     torch._check(
E0705 20:00:11.225000 66410 mobile/.venv/lib/python3.12/site-packages/torch/_subclasses/fake_tensor.py:2943]   File "/data/jwen929/mobile/.venv/lib64/python3.12/site-packages/torch/__init__.py", line 1761, in _check
E0705 20:00:11.225000 66410 mobile/.venv/lib/python3.12/site-packages/torch/_subclasses/fake_tensor.py:2943]     _check_with(RuntimeError, cond, message)  # pyrefly: ignore [bad-argument-type]
E0705 20:00:11.225000 66410 mobile/.venv/lib/python3.12/site-packages/torch/_subclasses/fake_tensor.py:2943]     ^^^^^^^^^^^^^^^^^^^^^^^^^^^^^^^^^^^^^^^^
E0705 20:00:11.225000 66410 mobile/.venv/lib/python3.12/site-packages/torch/_subclasses/fake_tensor.py:2943]   File "/data/jwen929/mobile/.venv/lib64/python3.12/site-packages/torch/__init__.py", line 1743, in _check_with
E0705 20:00:11.225000 66410 mobile/.venv/lib/python3.12/site-packages/torch/_subclasses/fake_tensor.py:2943]     raise error_type(message_evaluated)
E0705 20:00:11.225000 66410 mobile/.venv/lib/python3.12/site-packages/torch/_subclasses/fake_tensor.py:2943] RuntimeError: Negation, the `-` operator, on a bool tensor is not supported. If you are trying to invert a mask, use the `~` or `logical_not()` operator instead.
