  cuda_client[cuda] → broker tcp://127.0.0.1:15555 (warm executor child, CUDA_VISIBLE_DEVICES=3)
W0706 07:45:43.976000 401300 mobile/.venv-cuda/lib/python3.12/site-packages/torch/utils/_pytree.py:630] <enum 'KernelPreference'> is an Enum subclass and is now natively supported by torch.compile as an opaque value type. Calling register_constant() on Enum subclasses is deprecated and will be an error in a future release.
PassManager is deprecated. Please use ExportedProgramPassManager instead.
PassManager is deprecated. Please use ExportedProgramPassManager instead.
W0706 07:47:11.047000 407500 mobile/.venv-cuda/lib/python3.12/site-packages/torch/utils/_pytree.py:630] <enum 'KernelPreference'> is an Enum subclass and is now natively supported by torch.compile as an opaque value type. Calling register_constant() on Enum subclasses is deprecated and will be an error in a future release.
PassManager is deprecated. Please use ExportedProgramPassManager instead.
PassManager is deprecated. Please use ExportedProgramPassManager instead.
  cuda_client[cuda] ran 100 jobs
W0706 07:48:50.490000 412543 mobile/.venv-cuda/lib/python3.12/site-packages/torch/utils/_pytree.py:630] <enum 'KernelPreference'> is an Enum subclass and is now natively supported by torch.compile as an opaque value type. Calling register_constant() on Enum subclasses is deprecated and will be an error in a future release.
PassManager is deprecated. Please use ExportedProgramPassManager instead.
PassManager is deprecated. Please use ExportedProgramPassManager instead.
  cuda_client[cuda] ran 200 jobs
  cuda_client[cuda] ran 300 jobs
  cuda_client[cuda] ran 400 jobs
W0706 07:50:30.285000 421942 mobile/.venv-cuda/lib/python3.12/site-packages/torch/utils/_pytree.py:630] <enum 'KernelPreference'> is an Enum subclass and is now natively supported by torch.compile as an opaque value type. Calling register_constant() on Enum subclasses is deprecated and will be an error in a future release.
PassManager is deprecated. Please use ExportedProgramPassManager instead.
PassManager is deprecated. Please use ExportedProgramPassManager instead.
W0706 07:51:56.234000 426354 mobile/.venv-cuda/lib/python3.12/site-packages/torch/utils/_pytree.py:630] <enum 'KernelPreference'> is an Enum subclass and is now natively supported by torch.compile as an opaque value type. Calling register_constant() on Enum subclasses is deprecated and will be an error in a future release.
PassManager is deprecated. Please use ExportedProgramPassManager instead.
PassManager is deprecated. Please use ExportedProgramPassManager instead.
  cuda_client[cuda] ran 500 jobs
W0706 07:52:50.153000 432442 mobile/.venv-cuda/lib/python3.12/site-packages/torch/utils/_pytree.py:630] <enum 'KernelPreference'> is an Enum subclass and is now natively supported by torch.compile as an opaque value type. Calling register_constant() on Enum subclasses is deprecated and will be an error in a future release.
PassManager is deprecated. Please use ExportedProgramPassManager instead.
PassManager is deprecated. Please use ExportedProgramPassManager instead.
W0706 07:53:49.397000 444354 mobile/.venv-cuda/lib/python3.12/site-packages/torch/utils/_pytree.py:630] <enum 'KernelPreference'> is an Enum subclass and is now natively supported by torch.compile as an opaque value type. Calling register_constant() on Enum subclasses is deprecated and will be an error in a future release.
PassManager is deprecated. Please use ExportedProgramPassManager instead.
PassManager is deprecated. Please use ExportedProgramPassManager instead.
  cuda_client[cuda] ran 600 jobs
  cuda_client[cuda] ran 700 jobs
  cuda_client[cuda] ran 800 jobs
W0706 07:56:32.387000 458504 mobile/.venv-cuda/lib/python3.12/site-packages/torch/utils/_pytree.py:630] <enum 'KernelPreference'> is an Enum subclass and is now natively supported by torch.compile as an opaque value type. Calling register_constant() on Enum subclasses is deprecated and will be an error in a future release.
PassManager is deprecated. Please use ExportedProgramPassManager instead.
PassManager is deprecated. Please use ExportedProgramPassManager instead.
W0706 07:57:10.481000 460252 mobile/.venv-cuda/lib/python3.12/site-packages/torch/utils/_pytree.py:630] <enum 'KernelPreference'> is an Enum subclass and is now natively supported by torch.compile as an opaque value type. Calling register_constant() on Enum subclasses is deprecated and will be an error in a future release.
PassManager is deprecated. Please use ExportedProgramPassManager instead.
PassManager is deprecated. Please use ExportedProgramPassManager instead.
  cuda_client[cuda] ran 900 jobs
  cuda_client[cuda] ran 1000 jobs
  cuda_client[cuda] ran 1100 jobs
W0706 07:59:03.924000 472266 mobile/.venv-cuda/lib/python3.12/site-packages/torch/utils/_pytree.py:630] <enum 'KernelPreference'> is an Enum subclass and is now natively supported by torch.compile as an opaque value type. Calling register_constant() on Enum subclasses is deprecated and will be an error in a future release.
PassManager is deprecated. Please use ExportedProgramPassManager instead.
PassManager is deprecated. Please use ExportedProgramPassManager instead.
  cuda_client[cuda] ran 1200 jobs
  cuda_client[cuda] ran 1300 jobs
  cuda_client[cuda] ran 1400 jobs
W0706 08:00:30.146000 476888 mobile/.venv-cuda/lib/python3.12/site-packages/torch/utils/_pytree.py:630] <enum 'KernelPreference'> is an Enum subclass and is now natively supported by torch.compile as an opaque value type. Calling register_constant() on Enum subclasses is deprecated and will be an error in a future release.
PassManager is deprecated. Please use ExportedProgramPassManager instead.
PassManager is deprecated. Please use ExportedProgramPassManager instead.
W0706 08:01:50.944000 479478 mobile/.venv-cuda/lib/python3.12/site-packages/torch/utils/_pytree.py:630] <enum 'KernelPreference'> is an Enum subclass and is now natively supported by torch.compile as an opaque value type. Calling register_constant() on Enum subclasses is deprecated and will be an error in a future release.
PassManager is deprecated. Please use ExportedProgramPassManager instead.
PassManager is deprecated. Please use ExportedProgramPassManager instead.
  cuda_client[cuda] ran 1500 jobs
W0706 08:03:13.813000 483325 mobile/.venv-cuda/lib/python3.12/site-packages/torch/utils/_pytree.py:630] <enum 'KernelPreference'> is an Enum subclass and is now natively supported by torch.compile as an opaque value type. Calling register_constant() on Enum subclasses is deprecated and will be an error in a future release.
PassManager is deprecated. Please use ExportedProgramPassManager instead.
PassManager is deprecated. Please use ExportedProgramPassManager instead.
  cuda_client[cuda] ran 1600 jobs
W0706 08:04:58.398000 488524 mobile/.venv-cuda/lib/python3.12/site-packages/torch/utils/_pytree.py:630] <enum 'KernelPreference'> is an Enum subclass and is now natively supported by torch.compile as an opaque value type. Calling register_constant() on Enum subclasses is deprecated and will be an error in a future release.
PassManager is deprecated. Please use ExportedProgramPassManager instead.
PassManager is deprecated. Please use ExportedProgramPassManager instead.
  cuda_client[cuda] ran 1700 jobs
W0706 08:06:37.888000 491323 mobile/.venv-cuda/lib/python3.12/site-packages/torch/utils/_pytree.py:630] <enum 'KernelPreference'> is an Enum subclass and is now natively supported by torch.compile as an opaque value type. Calling register_constant() on Enum subclasses is deprecated and will be an error in a future release.
PassManager is deprecated. Please use ExportedProgramPassManager instead.
PassManager is deprecated. Please use ExportedProgramPassManager instead.
  cuda_client[cuda] ran 1800 jobs
  cuda_client[cuda] ran 1900 jobs
  cuda_client[cuda] ran 2000 jobs
  cuda_client[cuda] ran 2100 jobs
  cuda_client[cuda] ran 2200 jobs
  cuda_client[cuda] ran 2300 jobs
W0706 08:09:52.649000 501339 mobile/.venv-cuda/lib/python3.12/site-packages/torch/utils/_pytree.py:630] <enum 'KernelPreference'> is an Enum subclass and is now natively supported by torch.compile as an opaque value type. Calling register_constant() on Enum subclasses is deprecated and will be an error in a future release.
PassManager is deprecated. Please use ExportedProgramPassManager instead.
PassManager is deprecated. Please use ExportedProgramPassManager instead.
  cuda_client[cuda] ran 2400 jobs
W0706 08:11:10.104000 505064 mobile/.venv-cuda/lib/python3.12/site-packages/torch/utils/_pytree.py:630] <enum 'KernelPreference'> is an Enum subclass and is now natively supported by torch.compile as an opaque value type. Calling register_constant() on Enum subclasses is deprecated and will be an error in a future release.
PassManager is deprecated. Please use ExportedProgramPassManager instead.
PassManager is deprecated. Please use ExportedProgramPassManager instead.
  cuda_client[cuda] ran 2500 jobs
  cuda_client[cuda] ran 2600 jobs
W0706 08:12:54.760000 507541 mobile/.venv-cuda/lib/python3.12/site-packages/torch/utils/_pytree.py:630] <enum 'KernelPreference'> is an Enum subclass and is now natively supported by torch.compile as an opaque value type. Calling register_constant() on Enum subclasses is deprecated and will be an error in a future release.
PassManager is deprecated. Please use ExportedProgramPassManager instead.
PassManager is deprecated. Please use ExportedProgramPassManager instead.
W0706 08:14:40.441000 510482 mobile/.venv-cuda/lib/python3.12/site-packages/torch/utils/_pytree.py:630] <enum 'KernelPreference'> is an Enum subclass and is now natively supported by torch.compile as an opaque value type. Calling register_constant() on Enum subclasses is deprecated and will be an error in a future release.
PassManager is deprecated. Please use ExportedProgramPassManager instead.
PassManager is deprecated. Please use ExportedProgramPassManager instead.
  cuda_client[cuda] ran 2700 jobs
W0706 08:16:07.173000 517153 mobile/.venv-cuda/lib/python3.12/site-packages/torch/utils/_pytree.py:630] <enum 'KernelPreference'> is an Enum subclass and is now natively supported by torch.compile as an opaque value type. Calling register_constant() on Enum subclasses is deprecated and will be an error in a future release.
PassManager is deprecated. Please use ExportedProgramPassManager instead.
PassManager is deprecated. Please use ExportedProgramPassManager instead.
  cuda_client[cuda] ran 2800 jobs
W0706 08:16:47.425000 519993 mobile/.venv-cuda/lib/python3.12/site-packages/torch/utils/_pytree.py:630] <enum 'KernelPreference'> is an Enum subclass and is now natively supported by torch.compile as an opaque value type. Calling register_constant() on Enum subclasses is deprecated and will be an error in a future release.
PassManager is deprecated. Please use ExportedProgramPassManager instead.
PassManager is deprecated. Please use ExportedProgramPassManager instead.
W0706 08:19:08.707000 523819 mobile/.venv-cuda/lib/python3.12/site-packages/torch/utils/_pytree.py:630] <enum 'KernelPreference'> is an Enum subclass and is now natively supported by torch.compile as an opaque value type. Calling register_constant() on Enum subclasses is deprecated and will be an error in a future release.
PassManager is deprecated. Please use ExportedProgramPassManager instead.
PassManager is deprecated. Please use ExportedProgramPassManager instead.
  cuda_client[cuda] ran 2900 jobs
  cuda_client[cuda] ran 3000 jobs
W0706 08:20:49.970000 530073 mobile/.venv-cuda/lib/python3.12/site-packages/torch/utils/_pytree.py:630] <enum 'KernelPreference'> is an Enum subclass and is now natively supported by torch.compile as an opaque value type. Calling register_constant() on Enum subclasses is deprecated and will be an error in a future release.
PassManager is deprecated. Please use ExportedProgramPassManager instead.
PassManager is deprecated. Please use ExportedProgramPassManager instead.
  cuda_client[cuda] ran 3100 jobs
  cuda_client[cuda] ran 3200 jobs
  cuda_client[cuda] ran 3300 jobs
  cuda_client[cuda] ran 3400 jobs
  cuda_client[cuda] ran 3500 jobs
  cuda_client[cuda] ran 3600 jobs
  cuda_client[cuda] ran 3700 jobs
  cuda_client[cuda] ran 3800 jobs
  cuda_client[cuda] ran 3900 jobs
W0706 08:24:00.727000 538238 mobile/.venv-cuda/lib/python3.12/site-packages/torch/utils/_pytree.py:630] <enum 'KernelPreference'> is an Enum subclass and is now natively supported by torch.compile as an opaque value type. Calling register_constant() on Enum subclasses is deprecated and will be an error in a future release.
PassManager is deprecated. Please use ExportedProgramPassManager instead.
PassManager is deprecated. Please use ExportedProgramPassManager instead.
  cuda_client[cuda] ran 4000 jobs
  cuda_client[cuda] ran 4100 jobs
  cuda_client[cuda] ran 4200 jobs
W0706 08:26:38.335000 545567 mobile/.venv-cuda/lib/python3.12/site-packages/torch/utils/_pytree.py:630] <enum 'KernelPreference'> is an Enum subclass and is now natively supported by torch.compile as an opaque value type. Calling register_constant() on Enum subclasses is deprecated and will be an error in a future release.
PassManager is deprecated. Please use ExportedProgramPassManager instead.
PassManager is deprecated. Please use ExportedProgramPassManager instead.
  cuda_client[cuda] ran 4300 jobs
  cuda_client[cuda] ran 4400 jobs
  cuda_client[cuda] ran 4500 jobs
  cuda_client[cuda] ran 4600 jobs
  cuda_client[cuda] ran 4700 jobs
  cuda_client[cuda] ran 4800 jobs
  cuda_client[cuda] ran 4900 jobs
  cuda_client[cuda] ran 5000 jobs
  cuda_client[cuda] ran 5100 jobs
W0706 08:30:17.503000 553583 mobile/.venv-cuda/lib/python3.12/site-packages/torch/utils/_pytree.py:630] <enum 'KernelPreference'> is an Enum subclass and is now natively supported by torch.compile as an opaque value type. Calling register_constant() on Enum subclasses is deprecated and will be an error in a future release.
PassManager is deprecated. Please use ExportedProgramPassManager instead.
PassManager is deprecated. Please use ExportedProgramPassManager instead.
W0706 08:30:58.776000 558556 mobile/.venv-cuda/lib/python3.12/site-packages/torch/utils/_pytree.py:630] <enum 'KernelPreference'> is an Enum subclass and is now natively supported by torch.compile as an opaque value type. Calling register_constant() on Enum subclasses is deprecated and will be an error in a future release.
PassManager is deprecated. Please use ExportedProgramPassManager instead.
PassManager is deprecated. Please use ExportedProgramPassManager instead.
W0706 08:32:49.932000 562054 mobile/.venv-cuda/lib/python3.12/site-packages/torch/utils/_pytree.py:630] <enum 'KernelPreference'> is an Enum subclass and is now natively supported by torch.compile as an opaque value type. Calling register_constant() on Enum subclasses is deprecated and will be an error in a future release.
PassManager is deprecated. Please use ExportedProgramPassManager instead.
PassManager is deprecated. Please use ExportedProgramPassManager instead.
  cuda_client[cuda] ran 5200 jobs
W0706 08:34:49.544000 564723 mobile/.venv-cuda/lib/python3.12/site-packages/torch/utils/_pytree.py:630] <enum 'KernelPreference'> is an Enum subclass and is now natively supported by torch.compile as an opaque value type. Calling register_constant() on Enum subclasses is deprecated and will be an error in a future release.
PassManager is deprecated. Please use ExportedProgramPassManager instead.
PassManager is deprecated. Please use ExportedProgramPassManager instead.
  cuda_client[cuda] ran 5300 jobs
  cuda_client[cuda] ran 5400 jobs
  cuda_client[cuda] ran 5500 jobs
W0706 08:36:19.802000 571479 mobile/.venv-cuda/lib/python3.12/site-packages/torch/utils/_pytree.py:630] <enum 'KernelPreference'> is an Enum subclass and is now natively supported by torch.compile as an opaque value type. Calling register_constant() on Enum subclasses is deprecated and will be an error in a future release.
PassManager is deprecated. Please use ExportedProgramPassManager instead.
PassManager is deprecated. Please use ExportedProgramPassManager instead.
W0706 08:36:50.343000 572901 mobile/.venv-cuda/lib/python3.12/site-packages/torch/utils/_pytree.py:630] <enum 'KernelPreference'> is an Enum subclass and is now natively supported by torch.compile as an opaque value type. Calling register_constant() on Enum subclasses is deprecated and will be an error in a future release.
PassManager is deprecated. Please use ExportedProgramPassManager instead.
PassManager is deprecated. Please use ExportedProgramPassManager instead.
findings/cuda_h200/feed_cuda.sh: line 28: 401292 Killed                  "$MOBILE/.venv-cuda/bin/python" cuda_client.py --host 127.0.0.1 --gpu "$((g % NGPU))" --job-timeout 120
