  cuda_client[cuda] → broker tcp://127.0.0.1:15555 (warm executor child, CUDA_VISIBLE_DEVICES=4)
W0706 07:45:43.972000 401311 mobile/.venv-cuda/lib/python3.12/site-packages/torch/utils/_pytree.py:630] <enum 'KernelPreference'> is an Enum subclass and is now natively supported by torch.compile as an opaque value type. Calling register_constant() on Enum subclasses is deprecated and will be an error in a future release.
PassManager is deprecated. Please use ExportedProgramPassManager instead.
PassManager is deprecated. Please use ExportedProgramPassManager instead.
  cuda_client[cuda] ran 100 jobs
  cuda_client[cuda] ran 200 jobs
W0706 07:47:10.371000 408098 mobile/.venv-cuda/lib/python3.12/site-packages/torch/utils/_pytree.py:630] <enum 'KernelPreference'> is an Enum subclass and is now natively supported by torch.compile as an opaque value type. Calling register_constant() on Enum subclasses is deprecated and will be an error in a future release.
PassManager is deprecated. Please use ExportedProgramPassManager instead.
PassManager is deprecated. Please use ExportedProgramPassManager instead.
W0706 07:47:33.508000 411343 mobile/.venv-cuda/lib/python3.12/site-packages/torch/utils/_pytree.py:630] <enum 'KernelPreference'> is an Enum subclass and is now natively supported by torch.compile as an opaque value type. Calling register_constant() on Enum subclasses is deprecated and will be an error in a future release.
PassManager is deprecated. Please use ExportedProgramPassManager instead.
PassManager is deprecated. Please use ExportedProgramPassManager instead.
  cuda_client[cuda] ran 300 jobs
  cuda_client[cuda] ran 400 jobs
  cuda_client[cuda] ran 500 jobs
  cuda_client[cuda] ran 600 jobs
W0706 07:50:30.293000 421938 mobile/.venv-cuda/lib/python3.12/site-packages/torch/utils/_pytree.py:630] <enum 'KernelPreference'> is an Enum subclass and is now natively supported by torch.compile as an opaque value type. Calling register_constant() on Enum subclasses is deprecated and will be an error in a future release.
PassManager is deprecated. Please use ExportedProgramPassManager instead.
PassManager is deprecated. Please use ExportedProgramPassManager instead.
  cuda_client[cuda] ran 700 jobs
  cuda_client[cuda] ran 800 jobs
W0706 07:51:56.226000 426324 mobile/.venv-cuda/lib/python3.12/site-packages/torch/utils/_pytree.py:630] <enum 'KernelPreference'> is an Enum subclass and is now natively supported by torch.compile as an opaque value type. Calling register_constant() on Enum subclasses is deprecated and will be an error in a future release.
PassManager is deprecated. Please use ExportedProgramPassManager instead.
PassManager is deprecated. Please use ExportedProgramPassManager instead.
  cuda_client[cuda] ran 900 jobs
W0706 07:53:13.691000 434850 mobile/.venv-cuda/lib/python3.12/site-packages/torch/utils/_pytree.py:630] <enum 'KernelPreference'> is an Enum subclass and is now natively supported by torch.compile as an opaque value type. Calling register_constant() on Enum subclasses is deprecated and will be an error in a future release.
PassManager is deprecated. Please use ExportedProgramPassManager instead.
PassManager is deprecated. Please use ExportedProgramPassManager instead.
  cuda_client[cuda] ran 1000 jobs
  cuda_client[cuda] ran 1100 jobs
  cuda_client[cuda] ran 1200 jobs
W0706 07:54:47.936000 448394 mobile/.venv-cuda/lib/python3.12/site-packages/torch/utils/_pytree.py:630] <enum 'KernelPreference'> is an Enum subclass and is now natively supported by torch.compile as an opaque value type. Calling register_constant() on Enum subclasses is deprecated and will be an error in a future release.
PassManager is deprecated. Please use ExportedProgramPassManager instead.
PassManager is deprecated. Please use ExportedProgramPassManager instead.
  cuda_client[cuda] ran 1300 jobs
  cuda_client[cuda] ran 1400 jobs
W0706 07:56:27.938000 458507 mobile/.venv-cuda/lib/python3.12/site-packages/torch/utils/_pytree.py:630] <enum 'KernelPreference'> is an Enum subclass and is now natively supported by torch.compile as an opaque value type. Calling register_constant() on Enum subclasses is deprecated and will be an error in a future release.
PassManager is deprecated. Please use ExportedProgramPassManager instead.
PassManager is deprecated. Please use ExportedProgramPassManager instead.
  cuda_client[cuda] ran 1500 jobs
  cuda_client[cuda] ran 1600 jobs
  cuda_client[cuda] ran 1700 jobs
  cuda_client[cuda] ran 1800 jobs
W0706 07:59:03.117000 467734 mobile/.venv-cuda/lib/python3.12/site-packages/torch/utils/_pytree.py:630] <enum 'KernelPreference'> is an Enum subclass and is now natively supported by torch.compile as an opaque value type. Calling register_constant() on Enum subclasses is deprecated and will be an error in a future release.
PassManager is deprecated. Please use ExportedProgramPassManager instead.
PassManager is deprecated. Please use ExportedProgramPassManager instead.
  cuda_client[cuda] ran 1900 jobs
  cuda_client[cuda] ran 2000 jobs
  cuda_client[cuda] ran 2100 jobs
  cuda_client[cuda] ran 2200 jobs
  cuda_client[cuda] ran 2300 jobs
W0706 08:00:30.141000 476885 mobile/.venv-cuda/lib/python3.12/site-packages/torch/utils/_pytree.py:630] <enum 'KernelPreference'> is an Enum subclass and is now natively supported by torch.compile as an opaque value type. Calling register_constant() on Enum subclasses is deprecated and will be an error in a future release.
PassManager is deprecated. Please use ExportedProgramPassManager instead.
PassManager is deprecated. Please use ExportedProgramPassManager instead.
W0706 08:01:51.258000 479487 mobile/.venv-cuda/lib/python3.12/site-packages/torch/utils/_pytree.py:630] <enum 'KernelPreference'> is an Enum subclass and is now natively supported by torch.compile as an opaque value type. Calling register_constant() on Enum subclasses is deprecated and will be an error in a future release.
PassManager is deprecated. Please use ExportedProgramPassManager instead.
PassManager is deprecated. Please use ExportedProgramPassManager instead.
  cuda_client[cuda] ran 2400 jobs
  cuda_client[cuda] ran 2500 jobs
  cuda_client[cuda] ran 2600 jobs
W0706 08:03:18.221000 483823 mobile/.venv-cuda/lib/python3.12/site-packages/torch/utils/_pytree.py:630] <enum 'KernelPreference'> is an Enum subclass and is now natively supported by torch.compile as an opaque value type. Calling register_constant() on Enum subclasses is deprecated and will be an error in a future release.
PassManager is deprecated. Please use ExportedProgramPassManager instead.
PassManager is deprecated. Please use ExportedProgramPassManager instead.
W0706 08:03:44.993000 486229 mobile/.venv-cuda/lib/python3.12/site-packages/torch/utils/_pytree.py:630] <enum 'KernelPreference'> is an Enum subclass and is now natively supported by torch.compile as an opaque value type. Calling register_constant() on Enum subclasses is deprecated and will be an error in a future release.
PassManager is deprecated. Please use ExportedProgramPassManager instead.
PassManager is deprecated. Please use ExportedProgramPassManager instead.
  cuda_client[cuda] ran 2700 jobs
  cuda_client[cuda] ran 2800 jobs
W0706 08:06:37.518000 491331 mobile/.venv-cuda/lib/python3.12/site-packages/torch/utils/_pytree.py:630] <enum 'KernelPreference'> is an Enum subclass and is now natively supported by torch.compile as an opaque value type. Calling register_constant() on Enum subclasses is deprecated and will be an error in a future release.
PassManager is deprecated. Please use ExportedProgramPassManager instead.
PassManager is deprecated. Please use ExportedProgramPassManager instead.
  cuda_client[cuda] ran 2900 jobs
W0706 08:08:08.626000 495509 mobile/.venv-cuda/lib/python3.12/site-packages/torch/utils/_pytree.py:630] <enum 'KernelPreference'> is an Enum subclass and is now natively supported by torch.compile as an opaque value type. Calling register_constant() on Enum subclasses is deprecated and will be an error in a future release.
PassManager is deprecated. Please use ExportedProgramPassManager instead.
PassManager is deprecated. Please use ExportedProgramPassManager instead.
  cuda_client[cuda] ran 3000 jobs
  cuda_client[cuda] ran 3100 jobs
  cuda_client[cuda] ran 3200 jobs
W0706 08:09:53.021000 502506 mobile/.venv-cuda/lib/python3.12/site-packages/torch/utils/_pytree.py:630] <enum 'KernelPreference'> is an Enum subclass and is now natively supported by torch.compile as an opaque value type. Calling register_constant() on Enum subclasses is deprecated and will be an error in a future release.
PassManager is deprecated. Please use ExportedProgramPassManager instead.
PassManager is deprecated. Please use ExportedProgramPassManager instead.
  cuda_client[cuda] ran 3300 jobs
W0706 08:11:00.170000 504196 mobile/.venv-cuda/lib/python3.12/site-packages/torch/utils/_pytree.py:630] <enum 'KernelPreference'> is an Enum subclass and is now natively supported by torch.compile as an opaque value type. Calling register_constant() on Enum subclasses is deprecated and will be an error in a future release.
PassManager is deprecated. Please use ExportedProgramPassManager instead.
PassManager is deprecated. Please use ExportedProgramPassManager instead.
  cuda_client[cuda] ran 3400 jobs
W0706 08:12:54.746000 507544 mobile/.venv-cuda/lib/python3.12/site-packages/torch/utils/_pytree.py:630] <enum 'KernelPreference'> is an Enum subclass and is now natively supported by torch.compile as an opaque value type. Calling register_constant() on Enum subclasses is deprecated and will be an error in a future release.
PassManager is deprecated. Please use ExportedProgramPassManager instead.
PassManager is deprecated. Please use ExportedProgramPassManager instead.
  cuda_client[cuda] ran 3500 jobs
W0706 08:14:41.396000 510491 mobile/.venv-cuda/lib/python3.12/site-packages/torch/utils/_pytree.py:630] <enum 'KernelPreference'> is an Enum subclass and is now natively supported by torch.compile as an opaque value type. Calling register_constant() on Enum subclasses is deprecated and will be an error in a future release.
PassManager is deprecated. Please use ExportedProgramPassManager instead.
PassManager is deprecated. Please use ExportedProgramPassManager instead.
  cuda_client[cuda] ran 3600 jobs
  cuda_client[cuda] ran 3700 jobs
  cuda_client[cuda] ran 3800 jobs
W0706 08:16:07.517000 517407 mobile/.venv-cuda/lib/python3.12/site-packages/torch/utils/_pytree.py:630] <enum 'KernelPreference'> is an Enum subclass and is now natively supported by torch.compile as an opaque value type. Calling register_constant() on Enum subclasses is deprecated and will be an error in a future release.
PassManager is deprecated. Please use ExportedProgramPassManager instead.
PassManager is deprecated. Please use ExportedProgramPassManager instead.
  cuda_client[cuda] ran 3900 jobs
  cuda_client[cuda] ran 4000 jobs
W0706 08:17:46.473000 521646 mobile/.venv-cuda/lib/python3.12/site-packages/torch/utils/_pytree.py:630] <enum 'KernelPreference'> is an Enum subclass and is now natively supported by torch.compile as an opaque value type. Calling register_constant() on Enum subclasses is deprecated and will be an error in a future release.
PassManager is deprecated. Please use ExportedProgramPassManager instead.
PassManager is deprecated. Please use ExportedProgramPassManager instead.
  cuda_client[cuda] ran 4100 jobs
  cuda_client[cuda] ran 4200 jobs
  cuda_client[cuda] ran 4300 jobs
  cuda_client[cuda] ran 4400 jobs
  cuda_client[cuda] ran 4500 jobs
  cuda_client[cuda] ran 4600 jobs
W0706 08:19:13.672000 524302 mobile/.venv-cuda/lib/python3.12/site-packages/torch/utils/_pytree.py:630] <enum 'KernelPreference'> is an Enum subclass and is now natively supported by torch.compile as an opaque value type. Calling register_constant() on Enum subclasses is deprecated and will be an error in a future release.
PassManager is deprecated. Please use ExportedProgramPassManager instead.
PassManager is deprecated. Please use ExportedProgramPassManager instead.
W0706 08:20:50.430000 530070 mobile/.venv-cuda/lib/python3.12/site-packages/torch/utils/_pytree.py:630] <enum 'KernelPreference'> is an Enum subclass and is now natively supported by torch.compile as an opaque value type. Calling register_constant() on Enum subclasses is deprecated and will be an error in a future release.
PassManager is deprecated. Please use ExportedProgramPassManager instead.
PassManager is deprecated. Please use ExportedProgramPassManager instead.
  cuda_client[cuda] ran 4700 jobs
  cuda_client[cuda] ran 4800 jobs
  cuda_client[cuda] ran 4900 jobs
  cuda_client[cuda] ran 5000 jobs
W0706 08:22:51.233000 535188 mobile/.venv-cuda/lib/python3.12/site-packages/torch/utils/_pytree.py:630] <enum 'KernelPreference'> is an Enum subclass and is now natively supported by torch.compile as an opaque value type. Calling register_constant() on Enum subclasses is deprecated and will be an error in a future release.
PassManager is deprecated. Please use ExportedProgramPassManager instead.
PassManager is deprecated. Please use ExportedProgramPassManager instead.
W0706 08:24:00.729000 538192 mobile/.venv-cuda/lib/python3.12/site-packages/torch/utils/_pytree.py:630] <enum 'KernelPreference'> is an Enum subclass and is now natively supported by torch.compile as an opaque value type. Calling register_constant() on Enum subclasses is deprecated and will be an error in a future release.
PassManager is deprecated. Please use ExportedProgramPassManager instead.
PassManager is deprecated. Please use ExportedProgramPassManager instead.
  cuda_client[cuda] ran 5100 jobs
W0706 08:25:39.305000 543483 mobile/.venv-cuda/lib/python3.12/site-packages/torch/utils/_pytree.py:630] <enum 'KernelPreference'> is an Enum subclass and is now natively supported by torch.compile as an opaque value type. Calling register_constant() on Enum subclasses is deprecated and will be an error in a future release.
PassManager is deprecated. Please use ExportedProgramPassManager instead.
PassManager is deprecated. Please use ExportedProgramPassManager instead.
  cuda_client[cuda] ran 5200 jobs
W0706 08:27:00.501000 547210 mobile/.venv-cuda/lib/python3.12/site-packages/torch/utils/_pytree.py:630] <enum 'KernelPreference'> is an Enum subclass and is now natively supported by torch.compile as an opaque value type. Calling register_constant() on Enum subclasses is deprecated and will be an error in a future release.
PassManager is deprecated. Please use ExportedProgramPassManager instead.
PassManager is deprecated. Please use ExportedProgramPassManager instead.
  cuda_client[cuda] ran 5300 jobs
  cuda_client[cuda] ran 5400 jobs
  cuda_client[cuda] ran 5500 jobs
  cuda_client[cuda] ran 5600 jobs
  cuda_client[cuda] ran 5700 jobs
W0706 08:30:17.537000 553859 mobile/.venv-cuda/lib/python3.12/site-packages/torch/utils/_pytree.py:630] <enum 'KernelPreference'> is an Enum subclass and is now natively supported by torch.compile as an opaque value type. Calling register_constant() on Enum subclasses is deprecated and will be an error in a future release.
PassManager is deprecated. Please use ExportedProgramPassManager instead.
PassManager is deprecated. Please use ExportedProgramPassManager instead.
  cuda_client[cuda] ran 5800 jobs
W0706 08:31:57.062000 559691 mobile/.venv-cuda/lib/python3.12/site-packages/torch/utils/_pytree.py:630] <enum 'KernelPreference'> is an Enum subclass and is now natively supported by torch.compile as an opaque value type. Calling register_constant() on Enum subclasses is deprecated and will be an error in a future release.
PassManager is deprecated. Please use ExportedProgramPassManager instead.
PassManager is deprecated. Please use ExportedProgramPassManager instead.
  cuda_client[cuda] ran 5900 jobs
  cuda_client[cuda] ran 6000 jobs
W0706 08:33:13.481000 562263 mobile/.venv-cuda/lib/python3.12/site-packages/torch/utils/_pytree.py:630] <enum 'KernelPreference'> is an Enum subclass and is now natively supported by torch.compile as an opaque value type. Calling register_constant() on Enum subclasses is deprecated and will be an error in a future release.
PassManager is deprecated. Please use ExportedProgramPassManager instead.
PassManager is deprecated. Please use ExportedProgramPassManager instead.
  cuda_client[cuda] ran 6100 jobs
  cuda_client[cuda] ran 6200 jobs
  cuda_client[cuda] ran 6300 jobs
  cuda_client[cuda] ran 6400 jobs
W0706 08:34:49.963000 564681 mobile/.venv-cuda/lib/python3.12/site-packages/torch/utils/_pytree.py:630] <enum 'KernelPreference'> is an Enum subclass and is now natively supported by torch.compile as an opaque value type. Calling register_constant() on Enum subclasses is deprecated and will be an error in a future release.
PassManager is deprecated. Please use ExportedProgramPassManager instead.
PassManager is deprecated. Please use ExportedProgramPassManager instead.
  cuda_client[cuda] ran 6500 jobs
W0706 08:36:19.427000 571230 mobile/.venv-cuda/lib/python3.12/site-packages/torch/utils/_pytree.py:630] <enum 'KernelPreference'> is an Enum subclass and is now natively supported by torch.compile as an opaque value type. Calling register_constant() on Enum subclasses is deprecated and will be an error in a future release.
PassManager is deprecated. Please use ExportedProgramPassManager instead.
PassManager is deprecated. Please use ExportedProgramPassManager instead.
  cuda_client[cuda] ran 6600 jobs
  cuda_client[cuda] ran 6700 jobs
  cuda_client[cuda] ran 6800 jobs
findings/cuda_h200/feed_cuda.sh: line 28: 401280 Killed                  "$MOBILE/.venv-cuda/bin/python" cuda_client.py --host 127.0.0.1 --gpu "$((g % NGPU))" --job-timeout 120
