  cuda_client[cuda] → broker tcp://127.0.0.1:15555 (warm executor child, CUDA_VISIBLE_DEVICES=4)
W0706 07:45:43.606000 401299 mobile/.venv-cuda/lib/python3.12/site-packages/torch/utils/_pytree.py:630] <enum 'KernelPreference'> is an Enum subclass and is now natively supported by torch.compile as an opaque value type. Calling register_constant() on Enum subclasses is deprecated and will be an error in a future release.
PassManager is deprecated. Please use ExportedProgramPassManager instead.
PassManager is deprecated. Please use ExportedProgramPassManager instead.
W0706 07:47:10.701000 407379 mobile/.venv-cuda/lib/python3.12/site-packages/torch/utils/_pytree.py:630] <enum 'KernelPreference'> is an Enum subclass and is now natively supported by torch.compile as an opaque value type. Calling register_constant() on Enum subclasses is deprecated and will be an error in a future release.
PassManager is deprecated. Please use ExportedProgramPassManager instead.
PassManager is deprecated. Please use ExportedProgramPassManager instead.
  cuda_client[cuda] ran 100 jobs
  cuda_client[cuda] ran 200 jobs
  cuda_client[cuda] ran 300 jobs
W0706 07:48:49.349000 412553 mobile/.venv-cuda/lib/python3.12/site-packages/torch/utils/_pytree.py:630] <enum 'KernelPreference'> is an Enum subclass and is now natively supported by torch.compile as an opaque value type. Calling register_constant() on Enum subclasses is deprecated and will be an error in a future release.
PassManager is deprecated. Please use ExportedProgramPassManager instead.
PassManager is deprecated. Please use ExportedProgramPassManager instead.
W0706 07:49:13.315000 420256 mobile/.venv-cuda/lib/python3.12/site-packages/torch/utils/_pytree.py:630] <enum 'KernelPreference'> is an Enum subclass and is now natively supported by torch.compile as an opaque value type. Calling register_constant() on Enum subclasses is deprecated and will be an error in a future release.
PassManager is deprecated. Please use ExportedProgramPassManager instead.
PassManager is deprecated. Please use ExportedProgramPassManager instead.
  cuda_client[cuda] ran 400 jobs
W0706 07:50:52.608000 425746 mobile/.venv-cuda/lib/python3.12/site-packages/torch/utils/_pytree.py:630] <enum 'KernelPreference'> is an Enum subclass and is now natively supported by torch.compile as an opaque value type. Calling register_constant() on Enum subclasses is deprecated and will be an error in a future release.
PassManager is deprecated. Please use ExportedProgramPassManager instead.
PassManager is deprecated. Please use ExportedProgramPassManager instead.
  cuda_client[cuda] ran 500 jobs
  cuda_client[cuda] ran 600 jobs
  cuda_client[cuda] ran 700 jobs
  cuda_client[cuda] ran 800 jobs
  cuda_client[cuda] ran 900 jobs
W0706 07:53:18.141000 434862 mobile/.venv-cuda/lib/python3.12/site-packages/torch/utils/_pytree.py:630] <enum 'KernelPreference'> is an Enum subclass and is now natively supported by torch.compile as an opaque value type. Calling register_constant() on Enum subclasses is deprecated and will be an error in a future release.
PassManager is deprecated. Please use ExportedProgramPassManager instead.
PassManager is deprecated. Please use ExportedProgramPassManager instead.
  cuda_client[cuda] ran 1000 jobs
  cuda_client[cuda] ran 1100 jobs
  cuda_client[cuda] ran 1200 jobs
  cuda_client[cuda] ran 1300 jobs
  cuda_client[cuda] ran 1400 jobs
  cuda_client[cuda] ran 1500 jobs
  cuda_client[cuda] ran 1600 jobs
W0706 07:56:26.438000 456456 mobile/.venv-cuda/lib/python3.12/site-packages/torch/utils/_pytree.py:630] <enum 'KernelPreference'> is an Enum subclass and is now natively supported by torch.compile as an opaque value type. Calling register_constant() on Enum subclasses is deprecated and will be an error in a future release.
PassManager is deprecated. Please use ExportedProgramPassManager instead.
PassManager is deprecated. Please use ExportedProgramPassManager instead.
  cuda_client[cuda] ran 1700 jobs
W0706 07:58:12.668000 464801 mobile/.venv-cuda/lib/python3.12/site-packages/torch/utils/_pytree.py:630] <enum 'KernelPreference'> is an Enum subclass and is now natively supported by torch.compile as an opaque value type. Calling register_constant() on Enum subclasses is deprecated and will be an error in a future release.
PassManager is deprecated. Please use ExportedProgramPassManager instead.
PassManager is deprecated. Please use ExportedProgramPassManager instead.
W0706 07:59:04.221000 472271 mobile/.venv-cuda/lib/python3.12/site-packages/torch/utils/_pytree.py:630] <enum 'KernelPreference'> is an Enum subclass and is now natively supported by torch.compile as an opaque value type. Calling register_constant() on Enum subclasses is deprecated and will be an error in a future release.
PassManager is deprecated. Please use ExportedProgramPassManager instead.
PassManager is deprecated. Please use ExportedProgramPassManager instead.
  cuda_client[cuda] ran 1800 jobs
W0706 08:00:30.130000 476886 mobile/.venv-cuda/lib/python3.12/site-packages/torch/utils/_pytree.py:630] <enum 'KernelPreference'> is an Enum subclass and is now natively supported by torch.compile as an opaque value type. Calling register_constant() on Enum subclasses is deprecated and will be an error in a future release.
PassManager is deprecated. Please use ExportedProgramPassManager instead.
PassManager is deprecated. Please use ExportedProgramPassManager instead.
  cuda_client[cuda] ran 1900 jobs
W0706 08:01:51.246000 479485 mobile/.venv-cuda/lib/python3.12/site-packages/torch/utils/_pytree.py:630] <enum 'KernelPreference'> is an Enum subclass and is now natively supported by torch.compile as an opaque value type. Calling register_constant() on Enum subclasses is deprecated and will be an error in a future release.
PassManager is deprecated. Please use ExportedProgramPassManager instead.
PassManager is deprecated. Please use ExportedProgramPassManager instead.
  cuda_client[cuda] ran 2000 jobs
  cuda_client[cuda] ran 2100 jobs
W0706 08:02:58.821000 483345 mobile/.venv-cuda/lib/python3.12/site-packages/torch/utils/_pytree.py:630] <enum 'KernelPreference'> is an Enum subclass and is now natively supported by torch.compile as an opaque value type. Calling register_constant() on Enum subclasses is deprecated and will be an error in a future release.
PassManager is deprecated. Please use ExportedProgramPassManager instead.
PassManager is deprecated. Please use ExportedProgramPassManager instead.
  cuda_client[cuda] ran 2200 jobs
W0706 08:04:56.986000 488512 mobile/.venv-cuda/lib/python3.12/site-packages/torch/utils/_pytree.py:630] <enum 'KernelPreference'> is an Enum subclass and is now natively supported by torch.compile as an opaque value type. Calling register_constant() on Enum subclasses is deprecated and will be an error in a future release.
PassManager is deprecated. Please use ExportedProgramPassManager instead.
PassManager is deprecated. Please use ExportedProgramPassManager instead.
  cuda_client[cuda] ran 2300 jobs
W0706 08:06:37.513000 491332 mobile/.venv-cuda/lib/python3.12/site-packages/torch/utils/_pytree.py:630] <enum 'KernelPreference'> is an Enum subclass and is now natively supported by torch.compile as an opaque value type. Calling register_constant() on Enum subclasses is deprecated and will be an error in a future release.
PassManager is deprecated. Please use ExportedProgramPassManager instead.
PassManager is deprecated. Please use ExportedProgramPassManager instead.
  cuda_client[cuda] ran 2400 jobs
W0706 08:07:55.110000 495493 mobile/.venv-cuda/lib/python3.12/site-packages/torch/utils/_pytree.py:630] <enum 'KernelPreference'> is an Enum subclass and is now natively supported by torch.compile as an opaque value type. Calling register_constant() on Enum subclasses is deprecated and will be an error in a future release.
PassManager is deprecated. Please use ExportedProgramPassManager instead.
PassManager is deprecated. Please use ExportedProgramPassManager instead.
  cuda_client[cuda] ran 2500 jobs
W0706 08:08:48.860000 498701 mobile/.venv-cuda/lib/python3.12/site-packages/torch/utils/_pytree.py:630] <enum 'KernelPreference'> is an Enum subclass and is now natively supported by torch.compile as an opaque value type. Calling register_constant() on Enum subclasses is deprecated and will be an error in a future release.
PassManager is deprecated. Please use ExportedProgramPassManager instead.
PassManager is deprecated. Please use ExportedProgramPassManager instead.
  cuda_client[cuda] ran 2600 jobs
  cuda_client[cuda] ran 2700 jobs
W0706 08:11:10.054000 504299 mobile/.venv-cuda/lib/python3.12/site-packages/torch/utils/_pytree.py:630] <enum 'KernelPreference'> is an Enum subclass and is now natively supported by torch.compile as an opaque value type. Calling register_constant() on Enum subclasses is deprecated and will be an error in a future release.
PassManager is deprecated. Please use ExportedProgramPassManager instead.
PassManager is deprecated. Please use ExportedProgramPassManager instead.
  cuda_client[cuda] ran 2800 jobs
  cuda_client[cuda] ran 2900 jobs
W0706 08:12:55.243000 507560 mobile/.venv-cuda/lib/python3.12/site-packages/torch/utils/_pytree.py:630] <enum 'KernelPreference'> is an Enum subclass and is now natively supported by torch.compile as an opaque value type. Calling register_constant() on Enum subclasses is deprecated and will be an error in a future release.
PassManager is deprecated. Please use ExportedProgramPassManager instead.
PassManager is deprecated. Please use ExportedProgramPassManager instead.
  cuda_client[cuda] ran 3000 jobs
W0706 08:14:40.726000 510486 mobile/.venv-cuda/lib/python3.12/site-packages/torch/utils/_pytree.py:630] <enum 'KernelPreference'> is an Enum subclass and is now natively supported by torch.compile as an opaque value type. Calling register_constant() on Enum subclasses is deprecated and will be an error in a future release.
PassManager is deprecated. Please use ExportedProgramPassManager instead.
PassManager is deprecated. Please use ExportedProgramPassManager instead.
  cuda_client[cuda] ran 3100 jobs
  cuda_client[cuda] ran 3200 jobs
  cuda_client[cuda] ran 3300 jobs
W0706 08:16:07.567000 517413 mobile/.venv-cuda/lib/python3.12/site-packages/torch/utils/_pytree.py:630] <enum 'KernelPreference'> is an Enum subclass and is now natively supported by torch.compile as an opaque value type. Calling register_constant() on Enum subclasses is deprecated and will be an error in a future release.
PassManager is deprecated. Please use ExportedProgramPassManager instead.
PassManager is deprecated. Please use ExportedProgramPassManager instead.
  cuda_client[cuda] ran 3400 jobs
  cuda_client[cuda] ran 3500 jobs
  cuda_client[cuda] ran 3600 jobs
  cuda_client[cuda] ran 3700 jobs
W0706 08:17:46.909000 522072 mobile/.venv-cuda/lib/python3.12/site-packages/torch/utils/_pytree.py:630] <enum 'KernelPreference'> is an Enum subclass and is now natively supported by torch.compile as an opaque value type. Calling register_constant() on Enum subclasses is deprecated and will be an error in a future release.
PassManager is deprecated. Please use ExportedProgramPassManager instead.
PassManager is deprecated. Please use ExportedProgramPassManager instead.
  cuda_client[cuda] ran 3800 jobs
W0706 08:19:08.604000 524212 mobile/.venv-cuda/lib/python3.12/site-packages/torch/utils/_pytree.py:630] <enum 'KernelPreference'> is an Enum subclass and is now natively supported by torch.compile as an opaque value type. Calling register_constant() on Enum subclasses is deprecated and will be an error in a future release.
PassManager is deprecated. Please use ExportedProgramPassManager instead.
PassManager is deprecated. Please use ExportedProgramPassManager instead.
  cuda_client[cuda] ran 3900 jobs
  cuda_client[cuda] ran 4000 jobs
  cuda_client[cuda] ran 4100 jobs
  cuda_client[cuda] ran 4200 jobs
  cuda_client[cuda] ran 4300 jobs
W0706 08:20:50.795000 530081 mobile/.venv-cuda/lib/python3.12/site-packages/torch/utils/_pytree.py:630] <enum 'KernelPreference'> is an Enum subclass and is now natively supported by torch.compile as an opaque value type. Calling register_constant() on Enum subclasses is deprecated and will be an error in a future release.
PassManager is deprecated. Please use ExportedProgramPassManager instead.
PassManager is deprecated. Please use ExportedProgramPassManager instead.
  cuda_client[cuda] ran 4400 jobs
W0706 08:22:10.890000 533325 mobile/.venv-cuda/lib/python3.12/site-packages/torch/utils/_pytree.py:630] <enum 'KernelPreference'> is an Enum subclass and is now natively supported by torch.compile as an opaque value type. Calling register_constant() on Enum subclasses is deprecated and will be an error in a future release.
PassManager is deprecated. Please use ExportedProgramPassManager instead.
PassManager is deprecated. Please use ExportedProgramPassManager instead.
  cuda_client[cuda] ran 4500 jobs
  cuda_client[cuda] ran 4600 jobs
  cuda_client[cuda] ran 4700 jobs
  cuda_client[cuda] ran 4800 jobs
W0706 08:23:41.708000 536966 mobile/.venv-cuda/lib/python3.12/site-packages/torch/utils/_pytree.py:630] <enum 'KernelPreference'> is an Enum subclass and is now natively supported by torch.compile as an opaque value type. Calling register_constant() on Enum subclasses is deprecated and will be an error in a future release.
PassManager is deprecated. Please use ExportedProgramPassManager instead.
PassManager is deprecated. Please use ExportedProgramPassManager instead.
  cuda_client[cuda] ran 4900 jobs
  cuda_client[cuda] ran 5000 jobs
  cuda_client[cuda] ran 5100 jobs
W0706 08:25:03.626000 538830 mobile/.venv-cuda/lib/python3.12/site-packages/torch/utils/_pytree.py:630] <enum 'KernelPreference'> is an Enum subclass and is now natively supported by torch.compile as an opaque value type. Calling register_constant() on Enum subclasses is deprecated and will be an error in a future release.
PassManager is deprecated. Please use ExportedProgramPassManager instead.
PassManager is deprecated. Please use ExportedProgramPassManager instead.
  cuda_client[cuda] ran 5200 jobs
W0706 08:26:38.349000 544671 mobile/.venv-cuda/lib/python3.12/site-packages/torch/utils/_pytree.py:630] <enum 'KernelPreference'> is an Enum subclass and is now natively supported by torch.compile as an opaque value type. Calling register_constant() on Enum subclasses is deprecated and will be an error in a future release.
PassManager is deprecated. Please use ExportedProgramPassManager instead.
PassManager is deprecated. Please use ExportedProgramPassManager instead.
  cuda_client[cuda] ran 5300 jobs
W0706 08:27:54.756000 547867 mobile/.venv-cuda/lib/python3.12/site-packages/torch/utils/_pytree.py:630] <enum 'KernelPreference'> is an Enum subclass and is now natively supported by torch.compile as an opaque value type. Calling register_constant() on Enum subclasses is deprecated and will be an error in a future release.
PassManager is deprecated. Please use ExportedProgramPassManager instead.
PassManager is deprecated. Please use ExportedProgramPassManager instead.
W0706 08:28:47.225000 550110 mobile/.venv-cuda/lib/python3.12/site-packages/torch/utils/_pytree.py:630] <enum 'KernelPreference'> is an Enum subclass and is now natively supported by torch.compile as an opaque value type. Calling register_constant() on Enum subclasses is deprecated and will be an error in a future release.
PassManager is deprecated. Please use ExportedProgramPassManager instead.
PassManager is deprecated. Please use ExportedProgramPassManager instead.
  cuda_client[cuda] ran 5400 jobs
  cuda_client[cuda] ran 5500 jobs
W0706 08:29:46.695000 553682 mobile/.venv-cuda/lib/python3.12/site-packages/torch/utils/_pytree.py:630] <enum 'KernelPreference'> is an Enum subclass and is now natively supported by torch.compile as an opaque value type. Calling register_constant() on Enum subclasses is deprecated and will be an error in a future release.
PassManager is deprecated. Please use ExportedProgramPassManager instead.
PassManager is deprecated. Please use ExportedProgramPassManager instead.
W0706 08:30:58.775000 559063 mobile/.venv-cuda/lib/python3.12/site-packages/torch/utils/_pytree.py:630] <enum 'KernelPreference'> is an Enum subclass and is now natively supported by torch.compile as an opaque value type. Calling register_constant() on Enum subclasses is deprecated and will be an error in a future release.
PassManager is deprecated. Please use ExportedProgramPassManager instead.
PassManager is deprecated. Please use ExportedProgramPassManager instead.
  cuda_client[cuda] ran 5600 jobs
W0706 08:33:13.434000 562270 mobile/.venv-cuda/lib/python3.12/site-packages/torch/utils/_pytree.py:630] <enum 'KernelPreference'> is an Enum subclass and is now natively supported by torch.compile as an opaque value type. Calling register_constant() on Enum subclasses is deprecated and will be an error in a future release.
PassManager is deprecated. Please use ExportedProgramPassManager instead.
PassManager is deprecated. Please use ExportedProgramPassManager instead.
  cuda_client[cuda] ran 5700 jobs
W0706 08:34:49.972000 564731 mobile/.venv-cuda/lib/python3.12/site-packages/torch/utils/_pytree.py:630] <enum 'KernelPreference'> is an Enum subclass and is now natively supported by torch.compile as an opaque value type. Calling register_constant() on Enum subclasses is deprecated and will be an error in a future release.
PassManager is deprecated. Please use ExportedProgramPassManager instead.
PassManager is deprecated. Please use ExportedProgramPassManager instead.
  cuda_client[cuda] ran 5800 jobs
W0706 08:36:19.773000 571244 mobile/.venv-cuda/lib/python3.12/site-packages/torch/utils/_pytree.py:630] <enum 'KernelPreference'> is an Enum subclass and is now natively supported by torch.compile as an opaque value type. Calling register_constant() on Enum subclasses is deprecated and will be an error in a future release.
PassManager is deprecated. Please use ExportedProgramPassManager instead.
PassManager is deprecated. Please use ExportedProgramPassManager instead.
  cuda_client[cuda] ran 5900 jobs
W0706 08:37:18.065000 574254 mobile/.venv-cuda/lib/python3.12/site-packages/torch/utils/_pytree.py:630] <enum 'KernelPreference'> is an Enum subclass and is now natively supported by torch.compile as an opaque value type. Calling register_constant() on Enum subclasses is deprecated and will be an error in a future release.
PassManager is deprecated. Please use ExportedProgramPassManager instead.
PassManager is deprecated. Please use ExportedProgramPassManager instead.
findings/cuda_h200/feed_cuda.sh: line 28: 401294 Killed                  "$MOBILE/.venv-cuda/bin/python" cuda_client.py --host 127.0.0.1 --gpu "$((g % NGPU))" --job-timeout 120
