Broker up — feeders tcp://*:15554  workers tcp://*:15555  ctrl tcp://*:15556
  feed  :  python -m mobile feed   --host <broker-ip> --job-port 15554 --ctrl-port 15556 --corpus tmp/corpus
  client:  python xnnpack_client/xnnpack_client.py --host <broker-ip> --client-port 15555 --ctrl-port 15556
  [t=   3s] routed=0  workers=0 free  inflight=0
  [t=   6s] routed=0  workers=6 free  inflight=0
  [t=   9s] routed=0  workers=6 free  inflight=0
  [t=  12s] routed=0  workers=6 free  inflight=0
  [t=  15s] routed=0  workers=6 free  inflight=0
  [t=  18s] routed=0  workers=6 free  inflight=0
  [t=  21s] routed=0  workers=6 free  inflight=0
  [t=  24s] routed=0  workers=6 free  inflight=0
  [t=  27s] routed=0  workers=6 free  inflight=0
  [t=  30s] routed=0  workers=6 free  inflight=0
  [t=  33s] routed=0  workers=6 free  inflight=0
  [t=  36s] routed=0  workers=6 free  inflight=0
  [t=  39s] routed=0  workers=0 free  inflight=1
  [t=  42s] routed=0  workers=0 free  inflight=1
  [t=  45s] routed=0  workers=0 free  inflight=1
  [t=  48s] routed=33  workers=0 free  inflight=1
  [t=  51s] routed=33  workers=0 free  inflight=1
  [t=  55s] routed=40  workers=6 free  inflight=0
  [t=  58s] routed=40  workers=6 free  inflight=0
  [t=  61s] routed=40  workers=6 free  inflight=0
  [t=  64s] routed=40  workers=6 free  inflight=0
  [t=  67s] routed=40  workers=6 free  inflight=0
  [t=  70s] routed=40  workers=6 free  inflight=0
  [t=  73s] routed=40  workers=6 free  inflight=0
  [t=  76s] routed=40  workers=6 free  inflight=0
  [t=  79s] routed=40  workers=6 free  inflight=0
  [t=  82s] routed=40  workers=6 free  inflight=0
  [t=  85s] routed=40  workers=6 free  inflight=0
  [t=  88s] routed=68  workers=6 free  inflight=0
  [t=  91s] routed=96  workers=6 free  inflight=0
  [t=  94s] routed=110  workers=6 free  inflight=0
  [t=  97s] routed=110  workers=6 free  inflight=0
  [t= 100s] routed=110  workers=6 free  inflight=0
  [t= 103s] routed=110  workers=6 free  inflight=0
  [t= 106s] routed=110  workers=6 free  inflight=0
  [t= 109s] routed=110  workers=6 free  inflight=0
  [t= 112s] routed=110  workers=6 free  inflight=0
  [t= 115s] routed=110  workers=6 free  inflight=0
  [t= 118s] routed=110  workers=6 free  inflight=0
  [t= 121s] routed=110  workers=6 free  inflight=0
  [t= 124s] routed=110  workers=6 free  inflight=0
  [t= 127s] routed=110  workers=6 free  inflight=0
  [t= 130s] routed=110  workers=6 free  inflight=0
  [t= 133s] routed=110  workers=6 free  inflight=0
  [t= 136s] routed=110  workers=6 free  inflight=0
  [t= 139s] routed=110  workers=6 free  inflight=0
  [t= 142s] routed=110  workers=6 free  inflight=0
  [t= 145s] routed=110  workers=6 free  inflight=0
  [t= 148s] routed=110  workers=6 free  inflight=0
  [t= 151s] routed=110  workers=6 free  inflight=0
  [t= 154s] routed=110  workers=6 free  inflight=0
  [t= 157s] routed=110  workers=6 free  inflight=0
  [t= 160s] routed=110  workers=6 free  inflight=0
  [t= 163s] routed=110  workers=6 free  inflight=0
  [t= 166s] routed=110  workers=6 free  inflight=0
  [t= 169s] routed=110  workers=6 free  inflight=0
  [t= 172s] routed=110  workers=6 free  inflight=0
  [t= 175s] routed=110  workers=6 free  inflight=0
  [t= 178s] routed=110  workers=6 free  inflight=0
  [t= 181s] routed=110  workers=6 free  inflight=0
  [t= 184s] routed=110  workers=6 free  inflight=0
  [t= 187s] routed=110  workers=6 free  inflight=0
  [t= 190s] routed=110  workers=6 free  inflight=0
  [t= 193s] routed=110  workers=6 free  inflight=0
  [t= 196s] routed=110  workers=6 free  inflight=0
  [t= 199s] routed=110  workers=6 free  inflight=0
  [t= 202s] routed=110  workers=6 free  inflight=0
  [t= 205s] routed=110  workers=6 free  inflight=0
  [t= 208s] routed=110  workers=6 free  inflight=0
  [t= 211s] routed=110  workers=6 free  inflight=0
  [t= 214s] routed=110  workers=6 free  inflight=0
  [t= 217s] routed=110  workers=6 free  inflight=0
  [t= 220s] routed=110  workers=6 free  inflight=0
  [t= 223s] routed=110  workers=6 free  inflight=0
  [t= 226s] routed=110  workers=6 free  inflight=0
  [t= 229s] routed=110  workers=6 free  inflight=0
  [t= 232s] routed=110  workers=6 free  inflight=0
  [t= 235s] routed=110  workers=6 free  inflight=0
  [t= 238s] routed=110  workers=6 free  inflight=0
  [t= 241s] routed=110  workers=6 free  inflight=0
  [t= 244s] routed=110  workers=6 free  inflight=0
  [t= 247s] routed=110  workers=6 free  inflight=0
  [t= 250s] routed=110  workers=6 free  inflight=0
  [t= 253s] routed=110  workers=6 free  inflight=0
  [t= 256s] routed=110  workers=6 free  inflight=0
  [t= 259s] routed=110  workers=6 free  inflight=0
  [t= 262s] routed=110  workers=6 free  inflight=0
  [t= 265s] routed=110  workers=6 free  inflight=0
  [t= 268s] routed=117  workers=6 free  inflight=0
  [t= 271s] routed=117  workers=6 free  inflight=0
  [t= 275s] routed=124  workers=6 free  inflight=0
  [t= 278s] routed=124  workers=6 free  inflight=0
  [t= 281s] routed=124  workers=6 free  inflight=0
  [t= 284s] routed=124  workers=6 free  inflight=0
  [t= 287s] routed=124  workers=6 free  inflight=0
  [t= 290s] routed=124  workers=6 free  inflight=0
  [t= 293s] routed=124  workers=6 free  inflight=0
  [t= 296s] routed=124  workers=6 free  inflight=0
  [t= 299s] routed=124  workers=6 free  inflight=0
  [t= 302s] routed=124  workers=6 free  inflight=0
  [t= 305s] routed=124  workers=6 free  inflight=0
  [t= 308s] routed=124  workers=6 free  inflight=0
  [t= 311s] routed=124  workers=6 free  inflight=0
  [t= 314s] routed=124  workers=6 free  inflight=0
  [t= 317s] routed=124  workers=6 free  inflight=0
  [t= 320s] routed=124  workers=6 free  inflight=0
  [t= 323s] routed=129  workers=6 free  inflight=0
  [t= 326s] routed=129  workers=6 free  inflight=0
  [t= 329s] routed=129  workers=6 free  inflight=0
  [t= 332s] routed=129  workers=6 free  inflight=0
  [t= 335s] routed=129  workers=6 free  inflight=0
  [t= 338s] routed=129  workers=6 free  inflight=0
  [t= 341s] routed=129  workers=6 free  inflight=0
  [t= 344s] routed=129  workers=6 free  inflight=0
  [t= 347s] routed=129  workers=6 free  inflight=0
  [t= 350s] routed=129  workers=6 free  inflight=0
  [t= 353s] routed=129  workers=6 free  inflight=0
  [t= 356s] routed=129  workers=6 free  inflight=0
  [t= 359s] routed=129  workers=6 free  inflight=0
  [t= 362s] routed=129  workers=6 free  inflight=0
  [t= 365s] routed=129  workers=6 free  inflight=0
  [t= 368s] routed=129  workers=6 free  inflight=0
  [t= 371s] routed=129  workers=6 free  inflight=0
  [t= 374s] routed=129  workers=6 free  inflight=0
  [t= 377s] routed=129  workers=6 free  inflight=0
  [t= 380s] routed=129  workers=6 free  inflight=0
  [t= 383s] routed=129  workers=6 free  inflight=0
  [t= 386s] routed=129  workers=6 free  inflight=0
  [t= 389s] routed=129  workers=6 free  inflight=0
  [t= 392s] routed=129  workers=6 free  inflight=0
  [t= 395s] routed=129  workers=6 free  inflight=0
  [t= 398s] routed=129  workers=6 free  inflight=0
  [t= 401s] routed=129  workers=6 free  inflight=0
  [t= 404s] routed=129  workers=6 free  inflight=0
  [t= 407s] routed=129  workers=6 free  inflight=0
  [t= 410s] routed=129  workers=6 free  inflight=0
  [t= 413s] routed=129  workers=6 free  inflight=0
  [t= 416s] routed=129  workers=6 free  inflight=0
  [t= 419s] routed=129  workers=6 free  inflight=0
  [t= 422s] routed=129  workers=6 free  inflight=0
  [t= 425s] routed=129  workers=6 free  inflight=0
  [t= 428s] routed=129  workers=6 free  inflight=0
  [t= 431s] routed=129  workers=6 free  inflight=0
  [t= 434s] routed=129  workers=6 free  inflight=0
  [t= 437s] routed=129  workers=6 free  inflight=0
  [t= 440s] routed=129  workers=6 free  inflight=0
  [t= 443s] routed=129  workers=6 free  inflight=0
  [t= 446s] routed=129  workers=6 free  inflight=0
  [t= 449s] routed=129  workers=6 free  inflight=0
  [t= 452s] routed=129  workers=6 free  inflight=0
  [t= 455s] routed=129  workers=6 free  inflight=0
  [t= 458s] routed=129  workers=6 free  inflight=0
  [t= 461s] routed=129  workers=6 free  inflight=0
  [t= 464s] routed=129  workers=6 free  inflight=0
  [t= 467s] routed=129  workers=6 free  inflight=0
  [t= 470s] routed=129  workers=6 free  inflight=0
  [t= 473s] routed=129  workers=6 free  inflight=0
  [t= 476s] routed=129  workers=6 free  inflight=0
  [t= 479s] routed=129  workers=6 free  inflight=0
  [t= 482s] routed=129  workers=6 free  inflight=0
  [t= 485s] routed=129  workers=6 free  inflight=0
  [t= 488s] routed=129  workers=6 free  inflight=0
  [t= 491s] routed=129  workers=6 free  inflight=0
  [t= 494s] routed=129  workers=6 free  inflight=0
  [t= 497s] routed=129  workers=6 free  inflight=0
  [t= 500s] routed=129  workers=6 free  inflight=0
  [t= 503s] routed=129  workers=6 free  inflight=0
  [t= 506s] routed=129  workers=6 free  inflight=0
  [t= 509s] routed=129  workers=6 free  inflight=0
  [t= 512s] routed=129  workers=6 free  inflight=0
  [t= 515s] routed=129  workers=6 free  inflight=0
  [t= 518s] routed=129  workers=6 free  inflight=0
  [t= 521s] routed=129  workers=6 free  inflight=0
  [t= 524s] routed=129  workers=6 free  inflight=0
  [t= 527s] routed=129  workers=6 free  inflight=0
  [t= 530s] routed=129  workers=6 free  inflight=0
  [t= 533s] routed=129  workers=6 free  inflight=0
  [t= 536s] routed=129  workers=6 free  inflight=0
  [t= 539s] routed=129  workers=6 free  inflight=0
  [t= 542s] routed=129  workers=6 free  inflight=0
  [t= 545s] routed=129  workers=6 free  inflight=0
  [t= 548s] routed=129  workers=6 free  inflight=0
  [t= 551s] routed=129  workers=6 free  inflight=0
  [t= 554s] routed=129  workers=6 free  inflight=0
  [t= 557s] routed=129  workers=6 free  inflight=0
  [t= 560s] routed=129  workers=6 free  inflight=0
  [t= 563s] routed=129  workers=6 free  inflight=0
  [t= 566s] routed=129  workers=6 free  inflight=0
  [t= 569s] routed=129  workers=6 free  inflight=0
  [t= 572s] routed=129  workers=6 free  inflight=0
  [t= 575s] routed=129  workers=6 free  inflight=0
  [t= 578s] routed=129  workers=6 free  inflight=0
  [t= 581s] routed=129  workers=6 free  inflight=0
  [t= 584s] routed=129  workers=6 free  inflight=0
  [t= 587s] routed=129  workers=6 free  inflight=0
  [t= 590s] routed=129  workers=6 free  inflight=0
  [t= 593s] routed=129  workers=6 free  inflight=0
  [t= 596s] routed=129  workers=6 free  inflight=0
  [t= 599s] routed=129  workers=6 free  inflight=0
  [t= 602s] routed=129  workers=6 free  inflight=0
  [t= 605s] routed=129  workers=6 free  inflight=0
  [t= 608s] routed=129  workers=6 free  inflight=0
  [t= 611s] routed=129  workers=6 free  inflight=0
  [t= 614s] routed=129  workers=6 free  inflight=0
  [t= 617s] routed=129  workers=6 free  inflight=0
  [t= 620s] routed=129  workers=6 free  inflight=0
  [t= 623s] routed=129  workers=6 free  inflight=0
  [t= 626s] routed=129  workers=6 free  inflight=0
  [t= 629s] routed=129  workers=6 free  inflight=0
  [t= 632s] routed=129  workers=6 free  inflight=0
  [t= 635s] routed=129  workers=6 free  inflight=0
  [t= 638s] routed=129  workers=6 free  inflight=0
  [t= 641s] routed=129  workers=6 free  inflight=0
  [t= 644s] routed=129  workers=6 free  inflight=0
  [t= 647s] routed=129  workers=6 free  inflight=0
  [t= 650s] routed=129  workers=6 free  inflight=0
  [t= 653s] routed=129  workers=6 free  inflight=0
  [t= 656s] routed=129  workers=6 free  inflight=0
  [t= 660s] routed=129  workers=6 free  inflight=0
  [t= 663s] routed=129  workers=6 free  inflight=0
  [t= 666s] routed=129  workers=6 free  inflight=0
  [t= 669s] routed=129  workers=6 free  inflight=0
  [t= 672s] routed=129  workers=6 free  inflight=0
  [t= 675s] routed=129  workers=6 free  inflight=0
  [t= 678s] routed=129  workers=6 free  inflight=0
  [t= 681s] routed=129  workers=6 free  inflight=0
  [t= 684s] routed=129  workers=6 free  inflight=0
  [t= 687s] routed=129  workers=6 free  inflight=0
  [t= 690s] routed=129  workers=6 free  inflight=0
  [t= 693s] routed=129  workers=6 free  inflight=0
  [t= 696s] routed=129  workers=6 free  inflight=0
  [t= 699s] routed=129  workers=6 free  inflight=0
  [t= 702s] routed=129  workers=6 free  inflight=0
  [t= 705s] routed=129  workers=6 free  inflight=0
  [t= 708s] routed=129  workers=6 free  inflight=0
  [t= 711s] routed=129  workers=6 free  inflight=0
  [t= 714s] routed=129  workers=6 free  inflight=0
  [t= 717s] routed=129  workers=6 free  inflight=0
  [t= 720s] routed=129  workers=6 free  inflight=0
  [t= 723s] routed=129  workers=6 free  inflight=0
  [t= 726s] routed=129  workers=6 free  inflight=0
  [t= 729s] routed=129  workers=6 free  inflight=0
  [t= 732s] routed=129  workers=6 free  inflight=0
  [t= 735s] routed=129  workers=6 free  inflight=0
  [t= 738s] routed=129  workers=6 free  inflight=0
  [t= 741s] routed=129  workers=6 free  inflight=0
  [t= 744s] routed=129  workers=6 free  inflight=0
  [t= 747s] routed=129  workers=6 free  inflight=0
  [t= 750s] routed=129  workers=6 free  inflight=0
  [t= 753s] routed=129  workers=6 free  inflight=0
  [t= 756s] routed=129  workers=6 free  inflight=0
  [t= 759s] routed=129  workers=6 free  inflight=0
  [t= 762s] routed=129  workers=6 free  inflight=0
  [t= 765s] routed=129  workers=6 free  inflight=0
  [t= 768s] routed=129  workers=6 free  inflight=0
  [t= 771s] routed=129  workers=6 free  inflight=0
  [t= 774s] routed=129  workers=6 free  inflight=0
  [t= 777s] routed=129  workers=6 free  inflight=0
  [t= 780s] routed=129  workers=6 free  inflight=0
  [t= 783s] routed=129  workers=6 free  inflight=0
  [t= 786s] routed=129  workers=6 free  inflight=0
  [t= 789s] routed=129  workers=6 free  inflight=0
  [t= 792s] routed=129  workers=6 free  inflight=0
  [t= 795s] routed=129  workers=6 free  inflight=0
  [t= 798s] routed=129  workers=6 free  inflight=0
  [t= 801s] routed=129  workers=6 free  inflight=0
  [t= 804s] routed=129  workers=6 free  inflight=0
  [t= 807s] routed=129  workers=6 free  inflight=0
  [t= 810s] routed=129  workers=6 free  inflight=0
  [t= 813s] routed=129  workers=6 free  inflight=0
  [t= 816s] routed=129  workers=6 free  inflight=0
  [t= 819s] routed=129  workers=6 free  inflight=0
  [t= 822s] routed=129  workers=6 free  inflight=0
  [t= 825s] routed=129  workers=6 free  inflight=0
  [t= 828s] routed=129  workers=6 free  inflight=0
  [t= 831s] routed=129  workers=6 free  inflight=0
  [t= 834s] routed=129  workers=6 free  inflight=0
  [t= 837s] routed=129  workers=6 free  inflight=0
  [t= 840s] routed=129  workers=6 free  inflight=0
  [t= 843s] routed=129  workers=6 free  inflight=0
  [t= 846s] routed=129  workers=6 free  inflight=0
  [t= 849s] routed=129  workers=6 free  inflight=0
  [t= 852s] routed=129  workers=6 free  inflight=0
  [t= 855s] routed=129  workers=6 free  inflight=0
  [t= 858s] routed=129  workers=6 free  inflight=0
  [t= 861s] routed=129  workers=6 free  inflight=0
  [t= 864s] routed=129  workers=6 free  inflight=0
  [t= 867s] routed=129  workers=6 free  inflight=0
  [t= 870s] routed=129  workers=6 free  inflight=0
  [t= 873s] routed=129  workers=6 free  inflight=0
  [t= 876s] routed=129  workers=6 free  inflight=0
  [t= 879s] routed=129  workers=6 free  inflight=0
  [t= 882s] routed=129  workers=6 free  inflight=0
  [t= 885s] routed=129  workers=6 free  inflight=0
  [t= 888s] routed=129  workers=6 free  inflight=0
  [t= 891s] routed=129  workers=6 free  inflight=0
  [t= 894s] routed=129  workers=6 free  inflight=0
  [t= 897s] routed=129  workers=6 free  inflight=0
  [t= 900s] routed=129  workers=6 free  inflight=0
  [t= 903s] routed=129  workers=6 free  inflight=0
  [t= 906s] routed=129  workers=6 free  inflight=0
  [t= 909s] routed=129  workers=6 free  inflight=0
  [t= 912s] routed=129  workers=6 free  inflight=0
  [t= 915s] routed=129  workers=6 free  inflight=0
  [t= 918s] routed=129  workers=6 free  inflight=0
  [t= 921s] routed=129  workers=6 free  inflight=0
  [t= 924s] routed=129  workers=6 free  inflight=0
  [t= 927s] routed=129  workers=6 free  inflight=0
  [t= 930s] routed=129  workers=6 free  inflight=0
  [t= 933s] routed=129  workers=6 free  inflight=0
  [t= 936s] routed=129  workers=6 free  inflight=0
  [t= 939s] routed=129  workers=6 free  inflight=0
  [t= 942s] routed=129  workers=6 free  inflight=0
  [t= 945s] routed=129  workers=6 free  inflight=0
  [t= 948s] routed=129  workers=6 free  inflight=0
  [t= 951s] routed=129  workers=6 free  inflight=0
  [t= 954s] routed=129  workers=6 free  inflight=0
  [t= 957s] routed=129  workers=6 free  inflight=0
  [t= 960s] routed=129  workers=6 free  inflight=0
  [t= 963s] routed=129  workers=6 free  inflight=0
  [t= 966s] routed=129  workers=6 free  inflight=0
  [t= 969s] routed=129  workers=6 free  inflight=0
  [t= 972s] routed=129  workers=6 free  inflight=0
  [t= 975s] routed=129  workers=6 free  inflight=0
  [t= 978s] routed=129  workers=6 free  inflight=0
  [t= 981s] routed=129  workers=6 free  inflight=0
  [t= 984s] routed=129  workers=6 free  inflight=0
  [t= 987s] routed=129  workers=6 free  inflight=0
  [t= 990s] routed=129  workers=6 free  inflight=0
  [t= 993s] routed=129  workers=6 free  inflight=0
  [t= 996s] routed=129  workers=6 free  inflight=0
  [t= 999s] routed=129  workers=6 free  inflight=0
  [t=1002s] routed=129  workers=6 free  inflight=0
  [t=1005s] routed=129  workers=6 free  inflight=0
  [t=1008s] routed=129  workers=6 free  inflight=0
  [t=1011s] routed=129  workers=6 free  inflight=0
  [t=1014s] routed=129  workers=6 free  inflight=0
  [t=1017s] routed=129  workers=6 free  inflight=0
  [t=1020s] routed=129  workers=6 free  inflight=0
  [t=1023s] routed=129  workers=6 free  inflight=0
  [t=1026s] routed=129  workers=6 free  inflight=0
findings/cuda_h200/serve_cuda.sh: line 14: 584761 Killed                  PYTHONPATH="$REPO" "$MOBILE/.venv/bin/python" -m mobile broker
